uv : Traceback (most 
recent call last):
At line:1 char:1
+ uv run python 
main.py --text 
test_paper.txt > 
test_output.txt 2>&1
+ ~~~~~~~~~~~~~~~~~~~~~
~~~~~~~~~~~~~~~~~~~~~~~
~~~~~~~~~~~~~~~~~~~~~~
    + CategoryInfo     
         : NotSpecifi  
  ed: (Traceback (mo   
 st recent call las    
t)::String) [], Re    
moteException
    + FullyQualifiedEr 
   rorId : NativeComm  
  andError
 
  File "C:\Users\Admin\
Downloads\assignment-cr
ewai\main.py", line 
84, in <module>
    main()
  File "C:\Users\Admin\
Downloads\assignment-cr
ewai\main.py", line 
42, in main
    print("\U0001f4e5 
Loading paper...")
  File "C:\Users\Admin\
AppData\Roaming\uv\pyth
on\cpython-3.11-windows
-x86_64-none\Lib\encodi
ngs\cp1252.py", line 
19, in encode
    return codecs.charm
ap_encode(input,self.er
rors,encoding_table)[0]
           ^^^^^^^^^^^^
^^^^^^^^^^^^^^^^^^^^^^^
^^^^^^^^^^^^^^^^^^^^
UnicodeEncodeError: 
'charmap' codec can't 
encode character 
'\U0001f4e5' in 
position 0: character 
maps to <undefined>
